Archive member included because of file (symbol)

build/openmote-cc2538_armgcc/openstack/libopenstack.a(openstack.o)
                              build/openmote-cc2538_armgcc/projects/common/03oos_openwsn/03oos_openwsn.o (openstack_init)
build/openmote-cc2538_armgcc/openstack/libopenstack.a(IEEE802154E.o)
                              build/openmote-cc2538_armgcc/openstack/libopenstack.a(openstack.o) (ieee154e_init)
build/openmote-cc2538_armgcc/openstack/libopenstack.a(adaptive_sync.o)
                              build/openmote-cc2538_armgcc/openstack/libopenstack.a(openstack.o) (adaptive_sync_init)
build/openmote-cc2538_armgcc/openstack/libopenstack.a(IEEE802154_dummy_security.o)
                              build/openmote-cc2538_armgcc/openstack/libopenstack.a(openstack.o) (IEEE802154_dummy_security)
build/openmote-cc2538_armgcc/openstack/libopenstack.a(neighbors.o)
                              build/openmote-cc2538_armgcc/openstack/libopenstack.a(openstack.o) (neighbors_init)
build/openmote-cc2538_armgcc/openstack/libopenstack.a(sf0.o)
                              build/openmote-cc2538_armgcc/openstack/libopenstack.a(openstack.o) (sf0_init)
build/openmote-cc2538_armgcc/openstack/libopenstack.a(processIE.o)
                              build/openmote-cc2538_armgcc/openstack/libopenstack.a(IEEE802154E.o) (processIE_retrieveSlotframeLinkIE)
build/openmote-cc2538_armgcc/openstack/libopenstack.a(schedule.o)
                              build/openmote-cc2538_armgcc/openstack/libopenstack.a(openstack.o) (schedule_init)
build/openmote-cc2538_armgcc/openstack/libopenstack.a(sixtop.o)
                              build/openmote-cc2538_armgcc/openstack/libopenstack.a(openstack.o) (sixtop_init)
build/openmote-cc2538_armgcc/openstack/libopenstack.a(iphc.o)
                              build/openmote-cc2538_armgcc/openstack/libopenstack.a(openstack.o) (iphc_init)
build/openmote-cc2538_armgcc/openstack/libopenstack.a(openbridge.o)
                              build/openmote-cc2538_armgcc/openstack/libopenstack.a(openstack.o) (openbridge_init)
build/openmote-cc2538_armgcc/openstack/libopenstack.a(forwarding.o)
                              build/openmote-cc2538_armgcc/openstack/libopenstack.a(openstack.o) (forwarding_init)
build/openmote-cc2538_armgcc/openstack/libopenstack.a(icmpv6.o)
                              build/openmote-cc2538_armgcc/openstack/libopenstack.a(openstack.o) (icmpv6_init)
build/openmote-cc2538_armgcc/openstack/libopenstack.a(icmpv6echo.o)
                              build/openmote-cc2538_armgcc/openstack/libopenstack.a(openstack.o) (icmpv6echo_init)
build/openmote-cc2538_armgcc/openstack/libopenstack.a(icmpv6rpl.o)
                              build/openmote-cc2538_armgcc/openstack/libopenstack.a(openstack.o) (icmpv6rpl_init)
build/openmote-cc2538_armgcc/openstack/libopenstack.a(opentcp.o)
                              build/openmote-cc2538_armgcc/openstack/libopenstack.a(openstack.o) (opentcp_init)
build/openmote-cc2538_armgcc/openstack/libopenstack.a(openudp.o)
                              build/openmote-cc2538_armgcc/openstack/libopenstack.a(openstack.o) (openudp_init)
build/openmote-cc2538_armgcc/openstack/libopenstack.a(idmanager.o)
                              build/openmote-cc2538_armgcc/openstack/libopenstack.a(openstack.o) (idmanager_init)
build/openmote-cc2538_armgcc/openstack/libopenstack.a(openqueue.o)
                              build/openmote-cc2538_armgcc/openstack/libopenstack.a(openstack.o) (openqueue_init)
build/openmote-cc2538_armgcc/openstack/libopenstack.a(openrandom.o)
                              build/openmote-cc2538_armgcc/openstack/libopenstack.a(openstack.o) (openrandom_init)
build/openmote-cc2538_armgcc/openstack/libopenstack.a(packetfunctions.o)
                              build/openmote-cc2538_armgcc/openstack/libopenstack.a(neighbors.o) (packetfunctions_ip128bToMac64b)
build/openmote-cc2538_armgcc/openstack/libopenstack.a(IEEE802154.o)
                              build/openmote-cc2538_armgcc/openstack/libopenstack.a(IEEE802154E.o) (ieee802154_prependHeader)
build/openmote-cc2538_armgcc/openstack/libopenstack.a(topology.o)
                              build/openmote-cc2538_armgcc/openstack/libopenstack.a(IEEE802154.o) (topology_isAcceptablePacket)
build/openmote-cc2538_armgcc/openapps/libopenapps.a(openapps_dyn.o)
                              build/openmote-cc2538_armgcc/openstack/libopenstack.a(openstack.o) (openapps_init)
build/openmote-cc2538_armgcc/openapps/libopenapps.a(opencoap.o)
                              build/openmote-cc2538_armgcc/openapps/libopenapps.a(openapps_dyn.o) (opencoap_init)
build/openmote-cc2538_armgcc/openapps/libopenapps.a(c6t.o)
                              build/openmote-cc2538_armgcc/openapps/libopenapps.a(openapps_dyn.o) (c6t_init)
build/openmote-cc2538_armgcc/openapps/libopenapps.a(cinfo.o)
                              build/openmote-cc2538_armgcc/openapps/libopenapps.a(openapps_dyn.o) (cinfo_init)
[...]
Memory Configuration

Name             Origin             Length             Attributes
FLASH            0x0000000000200000 0x000000000003ffd4 xr
FLASH_CCA        0x000000000023ffd4 0x000000000000000c xr
SRAM             0x0000000020004000 0x0000000000004000 xrw
*default*        0x0000000000000000 0xffffffffffffffff

Linker script and memory map

LOAD build/openmote-cc2538_armgcc/projects/common/03oos_openwsn/03oos_openwsn.o
LOAD build/openmote-cc2538_armgcc/openstack/libopenstack.a
LOAD build/openmote-cc2538_armgcc/openapps/libopenapps.a
LOAD build/openmote-cc2538_armgcc/openstack/libopenstack.a
LOAD build/openmote-cc2538_armgcc/kernel/openos/libkernel.a
LOAD build/openmote-cc2538_armgcc/drivers/libdrivers.a
LOAD build/openmote-cc2538_armgcc/bsp/boards/libbsp.a
START GROUP
LOAD /usr/lib/gcc/arm-none-eabi/4.8.2/armv7-m/libgcc.a
LOAD /usr/lib/gcc/arm-none-eabi/4.8.2/../../../arm-none-eabi/lib/armv7-m/libg.a
LOAD /usr/lib/gcc/arm-none-eabi/4.8.2/../../../arm-none-eabi/lib/armv7-m/libc.a
END GROUP

.text           0x0000000000200000    0x1a2ac
                0x0000000000200000                _text = .
 *(.vectors)
 .vectors       0x0000000000200000      0x28c build/openmote-cc2538_armgcc/bsp/boards/libbsp.a(startup_gcc.o)
                0x0000000000200000                gVectors
 *(.text*)
 .text          0x000000000020028c       0x40 build/openmote-cc2538_armgcc/projects/common/03oos_openwsn/03oos_openwsn.o
                0x000000000020028c                mote_main
                0x00000000002002b4                sniffer_setListeningChannel
 .text          0x00000000002002cc       0x70 build/openmote-cc2538_armgcc/openstack/libopenstack.a(openstack.o)
                0x00000000002002cc                openstack_init
 .text          0x000000000020033c     0x2e4c build/openmote-cc2538_armgcc/openstack/libopenstack.a(IEEE802154E.o)
                0x000000000020033c                ieee154e_init
                0x0000000000200434                ieee154e_asnDiff
                0x00000000002004f8                isr_ieee154e_newSlot
                0x000000000020056c                isr_ieee154e_timer
                0x0000000000200694                ieee154e_startOfFrame
                0x0000000000200778                ieee154e_endOfFrame
                0x000000000020085c                debugPrint_asn
                0x00000000002008a8                debugPrint_isSync
                0x00000000002008d4                debugPrint_macStats
                0x00000000002008f0                activity_synchronize_newSlot
                0x0000000000200a30                activity_synchronize_startOfFrame
                0x0000000000200a78                activity_synchronize_endOfFrame
                0x0000000000200e04                ieee154e_processIEs
                0x000000000020114c                activity_ti1ORri1
                0x000000000020161c                activity_ti2
                0x00000000002016e0                activity_tie1
                0x000000000020170c                activity_ti3
                0x0000000000201730                activity_tie2
                0x000000000020175c                activity_ti4
                0x0000000000201798                activity_tie3
                0x00000000002017c4                activity_ti5
                0x0000000000201890                activity_ti6
                0x00000000002018ec                activity_tie4
                0x0000000000201918                activity_ti7
                0x000000000020193c                activity_tie5
                0x00000000002019b4                activity_ti8
                0x00000000002019f0                activity_tie6
                0x0000000000201a1c                activity_ti9
                0x0000000000201d1c                activity_ri2
                0x0000000000201d78                activity_rie1
                0x0000000000201da4                activity_ri3
                0x0000000000201dc8                activity_rie2
                0x0000000000201dd4                activity_ri4
                0x0000000000201e1c                activity_rie3
                0x0000000000201e48                activity_ri5
                0x0000000000202204                activity_ri6
                0x000000000020245c                activity_rie4
                0x0000000000202488                activity_ri7
                0x00000000002024ac                activity_rie5
                0x00000000002024d8                activity_ri8
                0x0000000000202514                activity_rie6
                0x0000000000202540                activity_ri9
                0x00000000002025e8                isValidRxFrame
                0x0000000000202658                isValidAck
                0x00000000002026cc                incrementAsnOffset
                0x00000000002027c4                ieee154e_resetAsn
                0x0000000000202818                ieee154e_getAsn
                0x0000000000202898                ieee154e_getTimeCorrection
                0x00000000002028bc                joinPriorityStoreFromEB
                0x00000000002028f4                isValidJoin
                0x0000000000202990                asnStoreFromEB
                0x00000000002029f4                ieee154e_syncSlotOffset
                0x0000000000202a88                ieee154e_setIsAckEnabled
                0x0000000000202aac                ieee154e_setSingleChannel
                0x0000000000202af0                ieee154e_setIsSecurityEnabled
                0x0000000000202b14                ieee154e_setSlotDuration
                0x0000000000202b38                ieee154e_getSlotDuration
                0x0000000000202b54                timeslotTemplateIDStoreFromEB
                0x0000000000202b78                channelhoppingTemplateIDStoreFromEB
                0x0000000000202b9c                synchronizePacket
                0x0000000000202c44                synchronizeAck
                0x0000000000202cb0                changeIsSync
                0x0000000000202cec                notif_sendDone
                0x0000000000202d30                notif_receive
                0x0000000000202d74                resetStats
                0x0000000000202ddc                updateStats
                0x0000000000202e30                calculateFrequency
                0x0000000000202e9c                changeState
                0x0000000000202f4c                endSlot
                0x0000000000203170                ieee154e_isSynch
 .text          0x0000000000203188      0x5e4 build/openmote-cc2538_armgcc/openstack/libopenstack.a(adaptive_sync.o)
                0x0000000000203188                adaptive_sync_init
                0x00000000002031d0                adaptive_sync_indicateTimeCorrection
                0x00000000002033f4                adaptive_sync_calculateCompensatedSlots
                0x0000000000203580                adaptive_sync_countCompensationTimeout
                0x0000000000203644                adaptive_sync_countCompensationTimeout_compoundSlots
                0x0000000000203750                adaptive_sync_driftChanged
 .text          0x000000000020376c       0xa4 build/openmote-cc2538_armgcc/openstack/libopenstack.a(IEEE802154_dummy_security.o)
 .text          0x0000000000203810     0x11d8 build/openmote-cc2538_armgcc/openstack/libopenstack.a(neighbors.o)
                0x0000000000203810                neighbors_init
                0x0000000000203828                neighbors_getNumNeighbors
                0x0000000000203874                neighbors_getNeighborRank
                0x00000000002038a8                neighbors_getKANeighbor
                0x0000000000203934                neighbors_getNeighborNoResource
                0x0000000000203964                neighbors_isStableNeighbor
                0x0000000000203a08                neighbors_isStableNeighborByIndex
                0x0000000000203a64                neighbors_isNeighborWithLowerDAGrank
                0x0000000000203ac8                neighbors_isNeighborWithHigherDAGrank
                0x0000000000203b2c                neighbors_indicateRx
                0x0000000000203df4                neighbors_indicateTx
                0x0000000000203fb4                neighbors_getNeighborEui64
                0x0000000000204034                neighbors_setNeighborRank
                0x000000000020406c                neighbors_setNeighborNoResource
                0x00000000002040bc                neighbors_setPreferredParent
                0x00000000002040f0                neighbors_getLinkMetric
                0x0000000000204198                neighbors_removeOld
                0x00000000002044e8                debugPrint_neighbors
                0x000000000020459c                registerNewNeighbor
                0x0000000000204788                isNeighbor
                0x00000000002047c4                removeNeighbor
                0x0000000000204968                isThisRowMatching
 .text          0x00000000002049e8      0x224 build/openmote-cc2538_armgcc/openstack/libopenstack.a(sf0.o)
                0x00000000002049e8                sf0_init
                0x0000000000204a0c                sf0_notif_addedCell
                0x0000000000204a20                sf0_notif_removedCell
                0x0000000000204a34                sf0_notifyNewSlotframe
                0x0000000000204a48                sf0_setBackoff
                0x0000000000204a68                sf0_addCell_task
                0x0000000000204ab0                sf0_removeCell_task
                0x0000000000204af8                sf0_bandwidthEstimate_task
                0x0000000000204bec                sf0_appPktPeriod
 .text          0x0000000000204c0c      0x7a4 build/openmote-cc2538_armgcc/openstack/libopenstack.a(processIE.o)
                0x0000000000204c0c                processIE_prependMLMEIE
                0x0000000000204c58                processIE_prepend_sixtopIE
                0x0000000000204ca4                processIE_prependSyncIE
                0x0000000000204d08                processIE_prependSlotframeLinkIE
                0x0000000000204e14                processIE_prependTSCHTimeslotIE
                0x0000000000204ec4                processIE_prependChannelHoppingIE
                0x0000000000204f30                processIE_prepend_sixSubIEHeader
                0x0000000000204f80                processIE_prepend_sixGeneralMessage
                0x0000000000204fe0                processIE_prepend_sixSubID
                0x000000000020500c                processIE_prepend_sixCelllist
                0x00000000002050e0                processIE_retrieveSlotframeLinkIE
                0x00000000002052c0                processIE_retrieve_sixCelllist
 .text          0x00000000002053b0      0xe10 build/openmote-cc2538_armgcc/openstack/libopenstack.a(schedule.o)
                0x00000000002053b0                schedule_init
                0x0000000000205464                schedule_startDAGroot
                0x00000000002054d0                debugPrint_schedule
                0x000000000020569c                debugPrint_backoff
                0x00000000002056d4                schedule_setFrameLength
                0x0000000000205710                schedule_setFrameHandle
                0x0000000000205738                schedule_setFrameNumber
                0x0000000000205760                schedule_getSlotInfo
                0x00000000002057f4                schedule_getMaxActiveSlots
                0x0000000000205810                schedule_addActiveSlot
                0x00000000002059b0                schedule_removeActiveSlot
                0x0000000000205ad4                schedule_isSlotOffsetAvailable
                0x0000000000205b28                schedule_getCellsCounts
                0x0000000000205ba4                schedule_removeAllCells
                0x0000000000205c0c                schedule_getCurrentScheduleEntry
                0x0000000000205c28                schedule_getNumOfSlotsByType
                0x0000000000205c80                schedule_getNumberOfFreeEntries
                0x0000000000205cd0                schedule_syncSlotOffset
                0x0000000000205d04                schedule_advanceSlot
                0x0000000000205d54                schedule_getNextActiveSlotOffset
                0x0000000000205d80                schedule_getFrameLength
                0x0000000000205da8                schedule_getFrameHandle
                0x0000000000205dd0                schedule_getFrameNumber
                0x0000000000205df8                schedule_getType
                0x0000000000205e20                schedule_getNeighbor
                0x0000000000205e50                schedule_getChannelOffset
                0x0000000000205e78                schedule_getOkToSend
                0x0000000000205ef4                schedule_resetBackoff
                0x0000000000205f20                schedule_indicateRx
                0x0000000000205f64                schedule_indicateTx
                0x00000000002060ac                schedule_housekeeping
                0x000000000020615c                schedule_resetEntry
 .text          0x00000000002061c0     0x192c build/openmote-cc2538_armgcc/openstack/libopenstack.a(sixtop.o)
                0x00000000002061c0                sixtop_init
                0x00000000002062f0                sixtop_setKaPeriod
                0x0000000000206328                sixtop_setEBPeriod
                0x0000000000206360                sixtop_setHandler
                0x00000000002063a4                sixtop_request
                0x00000000002065e4                sixtop_addORremoveCellByInfo
                0x0000000000206740                sixtop_send
                0x000000000020679c                task_sixtopNotifSendDone
                0x00000000002068e0                task_sixtopNotifReceive
                0x00000000002069c0                debugPrint_myDAGrank
                0x00000000002069e8                debugPrint_kaPeriod
                0x0000000000206a10                sixtop_setIsResponseEnabled
                0x0000000000206a30                sixtop_send_internal
                0x0000000000206ab8                sixtop_sendingEb_timer_cb
                0x0000000000206ad8                sixtop_maintenance_timer_cb
                0x0000000000206af8                sixtop_timeout_timer_cb
                0x0000000000206b18                timer_sixtop_sendEb_fired
                0x0000000000206b24                timer_sixtop_management_fired
                0x0000000000206b80                sixtop_sendEB
                0x0000000000206cac                sixtop_sendKA
                0x0000000000206d7c                timer_sixtop_six2six_timeout_fired
                0x0000000000206dac                sixtop_six2six_sendDone
                0x00000000002070d8                sixtop_processIEs
                0x000000000020720c                sixtop_notifyReceiveCommand
                0x000000000020766c                sixtop_getCelllist
                0x0000000000207714                sixtop_candidateAddCellList
                0x00000000002077c8                sixtop_candidateRemoveCellList
                0x0000000000207870                sixtop_addCellsByState
                0x000000000020790c                sixtop_removeCellsByState
                0x000000000020795c                sixtop_areAvailableCellsToBeScheduled
                0x0000000000207a08                sixtop_areAvailableCellsToBeRemoved
 .text          0x0000000000207aec     0x15a0 build/openmote-cc2538_armgcc/openstack/libopenstack.a(iphc.o)
                0x0000000000207aec                iphc_init
                0x0000000000207af8                iphc_sendFromForwarding
                0x0000000000207da4                iphc_sendFromBridge
                0x0000000000207de4                iphc_sendDone
                0x0000000000207e1c                iphc_receive
                0x0000000000207ee0                iphc_prependIPv6Header
                0x0000000000208290                iphc_retrieveIPv6Header
                0x000000000020877c                iphc_retrieveIphcHeader
                0x0000000000208edc                iphc_prependIPv6HopByHopHeader
                0x0000000000208f90                iphc_retrieveIPv6HopByHopHeader
 .text          0x000000000020908c      0x1a0 build/openmote-cc2538_armgcc/openstack/libopenstack.a(openbridge.o)
                0x000000000020908c                openbridge_init
                0x0000000000209098                openbridge_triggerData
                0x0000000000209198                openbridge_sendDone
                0x00000000002091cc                openbridge_receive
 .text          0x000000000020922c      0xd68 build/openmote-cc2538_armgcc/openstack/libopenstack.a(forwarding.o)
                0x000000000020922c                forwarding_init
                0x0000000000209238                forwarding_send
                0x0000000000209444                forwarding_sendDone
                0x00000000002094c0                forwarding_receive
                0x0000000000209678                forwarding_getNextHop
                0x00000000002096dc                forwarding_send_internal_RoutingTable
                0x0000000000209754                forwarding_send_internal_SourceRouting
                0x0000000000209f18                forwarding_createRplOption
 .text          0x0000000000209f94       0xe8 build/openmote-cc2538_armgcc/openstack/libopenstack.a(icmpv6.o)
                0x0000000000209f94                icmpv6_init
                0x0000000000209fa0                icmpv6_send
                0x0000000000209fc4                icmpv6_sendDone
                0x000000000020a020                icmpv6_receive
 .text          0x000000000020a07c      0x300 build/openmote-cc2538_armgcc/openstack/libopenstack.a(icmpv6echo.o)
                0x000000000020a07c                icmpv6echo_init
                0x000000000020a0ac                icmpv6echo_trigger
                0x000000000020a1e8                icmpv6echo_sendDone
                0x000000000020a228                icmpv6echo_receive
                0x000000000020a35c                icmpv6echo_setIsReplyEnabled
 .text          0x000000000020a37c      0xe88 build/openmote-cc2538_armgcc/openstack/libopenstack.a(icmpv6rpl.o)
                0x000000000020a37c                icmpv6rpl_init
                0x000000000020a608                icmpv6rpl_writeDODAGid
                0x000000000020a640                icmpv6rpl_getRPLIntanceID
                0x000000000020a65c                icmpv6rpl_getRPLDODAGid
                0x000000000020a688                icmpv6rpl_sendDone
                0x000000000020a6e4                icmpv6rpl_receive
                0x000000000020a7a8                icmpv6rpl_getPreferredParentIndex
                0x000000000020a7d8                icmpv6rpl_getPreferredParentEui64
                0x000000000020a834                icmpv6rpl_isPreferredParent
                0x000000000020a8a4                icmpv6rpl_getMyDAGrank
                0x000000000020a8c0                icmpv6rpl_setMyDAGrank
                0x000000000020a8e4                icmpv6rpl_updateMyDAGrankAndParentSelection
                0x000000000020ab44                icmpv6rpl_indicateRxDIO
                0x000000000020ac54                icmpv6rpl_killPreferredParent
                0x000000000020ac94                icmpv6rpl_timer_DIO_cb
                0x000000000020acb4                icmpv6rpl_timer_DIO_task
                0x000000000020acf4                sendDIO
                0x000000000020ae70                icmpv6rpl_timer_DAO_cb
                0x000000000020ae90                icmpv6rpl_timer_DAO_task
                0x000000000020aed0                sendDAO
                0x000000000020b16c                icmpv6rpl_setDIOPeriod
                0x000000000020b1b8                icmpv6rpl_setDAOPeriod
 .text          0x000000000020b204     0x1250 build/openmote-cc2538_armgcc/openstack/libopenstack.a(opentcp.o)
                0x000000000020b204                opentcp_init
                0x000000000020b220                opentcp_connect
                0x000000000020b314                opentcp_send
                0x000000000020b428                opentcp_sendDone
                0x000000000020b630                opentcp_receive
                0x000000000020bff8                opentcp_close
                0x000000000020c0d4                tcp_debugPrint
                0x000000000020c0e4                timers_tcp_fired
                0x000000000020c0f0                prependTCPHeader
                0x000000000020c234                containsControlBits
                0x000000000020c340                opentcp_reset
                0x000000000020c39c                tcp_change_state
                0x000000000020c434                opentcp_timer_cb
 .text          0x000000000020c454      0x4e4 build/openmote-cc2538_armgcc/openstack/libopenstack.a(openudp.o)
                0x000000000020c454                openudp_init
                0x000000000020c46c                openudp_register
                0x000000000020c498                openudp_send
                0x000000000020c698                openudp_sendDone
                0x000000000020c71c                openudp_receive
                0x000000000020c8fc                openudp_debugPrint
 .text          0x000000000020c938      0x4e4 build/openmote-cc2538_armgcc/openstack/libopenstack.a(idmanager.o)
                0x000000000020c938                idmanager_init
                0x000000000020c9e8                idmanager_getIsDAGroot
                0x000000000020ca0c                idmanager_setIsDAGroot
                0x000000000020ca38                idmanager_getIsSlotSkip
                0x000000000020ca60                idmanager_getMyID
                0x000000000020cadc                idmanager_setMyID
                0x000000000020cbb8                idmanager_isMyAddress
                0x000000000020ccac                idmanager_triggerAboutRoot
                0x000000000020cdac                debugPrint_id
 .text          0x000000000020ce1c      0x710 build/openmote-cc2538_armgcc/openstack/libopenstack.a(openqueue.o)
                0x000000000020ce1c                openqueue_init
                0x000000000020ce54                debugPrint_queue
                0x000000000020cecc                openqueue_getFreePacketBuffer
                0x000000000020cf9c                openqueue_freePacketBuffer
                0x000000000020d038                openqueue_removeAllCreatedBy
                0x000000000020d098                openqueue_removeAllOwnedBy
                0x000000000020d0f8                openqueue_sixtopGetSentPacket
                0x000000000020d170                openqueue_sixtopGetReceivedPacket
                0x000000000020d1e8                openqueue_macGetDataPacket
                0x000000000020d3bc                openqueue_isHighPriorityEntryEnough
                0x000000000020d410                openqueue_macGetEBPacket
                0x000000000020d4ac                openqueue_reset_entry
 .text          0x000000000020d52c       0xe4 build/openmote-cc2538_armgcc/openstack/libopenstack.a(openrandom.o)
                0x000000000020d52c                openrandom_init
                0x000000000020d588                openrandom_get16b
 .text          0x000000000020d610      0xa68 build/openmote-cc2538_armgcc/openstack/libopenstack.a(packetfunctions.o)
                0x000000000020d610                packetfunctions_ip128bToMac64b
                0x000000000020d674                packetfunctions_mac64bToIp128b
                0x000000000020d6dc                packetfunctions_mac64bToMac16b
                0x000000000020d724                packetfunctions_mac16bToMac64b
                0x000000000020d790                packetfunctions_isBroadcastMulticast
                0x000000000020d80c                packetfunctions_isAllRoutersMulticast
                0x000000000020d8b0                packetfunctions_isAllHostsMulticast
                0x000000000020d954                packetfunctions_sameAddress
                0x000000000020d9e8                packetfunctions_readAddress
                0x000000000020da8c                packetfunctions_writeAddress
                0x000000000020db40                packetfunctions_reserveHeaderSize
                0x000000000020db88                packetfunctions_tossHeader
                0x000000000020dbd0                packetfunctions_reserveFooterSize
                0x000000000020dc0c                packetfunctions_tossFooter
                0x000000000020dc44                packetfunctions_duplicatePacket
                0x000000000020dcec                packetfunctions_calculateCRC
                0x000000000020dd8c                packetfunctions_checkCRC
                0x000000000020de40                packetfunctions_calculateChecksum
                0x000000000020df14                onesComplementSum
                0x000000000020dfa4                packetfunctions_htons
                0x000000000020dfd0                packetfunctions_ntohs
                0x000000000020dff8                packetfunctions_htonl
                0x000000000020e040                packetfunctions_ntohl
 .text          0x000000000020e078      0x754 build/openmote-cc2538_armgcc/openstack/libopenstack.a(IEEE802154.o)
                0x000000000020e078                ieee802154_prependHeader
                0x000000000020e2fc                ieee802154_retrieveHeader
 .text          0x000000000020e7cc       0x18 build/openmote-cc2538_armgcc/openstack/libopenstack.a(topology.o)
                0x000000000020e7cc                topology_isAcceptablePacket
 .text          0x000000000020e7e4       0x28 build/openmote-cc2538_armgcc/openapps/libopenapps.a(openapps_dyn.o)
                0x000000000020e7e4                openapps_init
 .text          0x000000000020e80c      0x894 build/openmote-cc2538_armgcc/openapps/libopenapps.a(opencoap.o)
                0x000000000020e80c                opencoap_init
                0x000000000020e870                opencoap_receive
                0x000000000020edb4                opencoap_sendDone
                0x000000000020ee2c                opencoap_writeLinks
                0x000000000020ef20                opencoap_register
                0x000000000020ef78                opencoap_send
 .text          0x000000000020f0a0      0x1c8 build/openmote-cc2538_armgcc/openapps/libopenapps.a(c6t.o)
                0x000000000020f0a0                c6t_init
                0x000000000020f130                c6t_receive
                0x000000000020f250                c6t_sendDone
 .text          0x000000000020f268      0x1c8 build/openmote-cc2538_armgcc/openapps/libopenapps.a(cinfo.o)
                0x000000000020f268                cinfo_init
                0x000000000020f2f8                cinfo_receive
                0x000000000020f418                cinfo_sendDone
 .text          0x000000000020f430      0x154 build/openmote-cc2538_armgcc/openapps/libopenapps.a(cleds.o)
                0x000000000020f430                cleds__init
                0x000000000020f4b4                cleds_receive
                0x000000000020f56c                cleds_sendDone
 .text          0x000000000020f584      0x124 build/openmote-cc2538_armgcc/openapps/libopenapps.a(cwellknown.o)
                0x000000000020f584                cwellknown_init
                0x000000000020f61c                cwellknown_receive
                0x000000000020f690                cwellknown_sendDone
 .text          0x000000000020f6a8      0x174 build/openmote-cc2538_armgcc/openapps/libopenapps.a(gpio.o)
                0x000000000020f6a8                gpio_init
                0x000000000020f72c                gpio_receive
                0x000000000020f804                gpio_sendDone
 .text          0x000000000020f81c      0x448 build/openmote-cc2538_armgcc/openapps/libopenapps.a(rrt.o)
                0x000000000020f81c                rrt_init
                0x000000000020f8bc                rrt_receive
                0x000000000020fa38                rrt_setGETRespMsg
                0x000000000020fb38                rrt_sendCoAPMsg
                0x000000000020fc4c                rrt_sendDone
 .text          0x000000000020fc64       0xc0 build/openmote-cc2538_armgcc/openapps/libopenapps.a(techo.o)
                0x000000000020fc64                techo_init
                0x000000000020fc70                techo_shouldIlisten
                0x000000000020fc80                techo_receive
                0x000000000020fcc8                techo_sendDone
                0x000000000020fd00                techo_connectDone
                0x000000000020fd14                techo_debugPrint
 .text          0x000000000020fd24      0x178 build/openmote-cc2538_armgcc/kernel/openos/libkernel.a(scheduler.o)
                0x000000000020fd24                scheduler_init
                0x000000000020fd4c                scheduler_start
                0x000000000020fdc4                scheduler_push_task
 .text          0x000000000020fe9c      0xfbc build/openmote-cc2538_armgcc/drivers/libdrivers.a(openserial.o)
                0x000000000020fe9c                openserial_init
                0x000000000020ffb4                openserial_register
                0x000000000020ffd4                openserial_printStatus
                0x000000000021005c                openserial_printInfo
                0x0000000000210084                openserial_printError
                0x00000000002100ac                openserial_printCritical
                0x00000000002100ec                openserial_printData
                0x000000000021019c                openserial_printSniffedPacket
                0x0000000000210224                openserial_getInputBufferFilllevel
                0x000000000021024c                openserial_getInputBuffer
                0x00000000002102b0                openserial_startInput
                0x0000000000210344                openserial_startOutput
                0x00000000002104d0                openserial_stop
                0x000000000021061c                debugPrint_outBufferIndexes
                0x000000000021065c                openserial_printInfoErrorCritical
                0x00000000002106fc                openserial_handleEcho
                0x0000000000210718                openserial_handleCommands
                0x0000000000210a04                openserial_board_reset_cb
                0x0000000000210a18                outputHdlcOpen
                0x0000000000210a60                outputHdlcWrite
                0x0000000000210b04                outputHdlcClose
                0x0000000000210b64                inputHdlcOpen
                0x0000000000210b8c                inputHdlcWrite
                0x0000000000210c28                inputHdlcClose
                0x0000000000210c6c                isr_openserial_tx
                0x0000000000210d3c                isr_openserial_rx
 .text          0x0000000000210e58      0x880 build/openmote-cc2538_armgcc/drivers/libdrivers.a(opentimers.o)
                0x0000000000210e58                opentimers_init
                0x0000000000210f2c                opentimers_start
                0x00000000002111bc                opentimers_setPeriod
                0x00000000002112f8                opentimers_stop
                0x0000000000211328                opentimers_restart
                0x0000000000211358                opentimers_timer_callback
 .text          0x00000000002116d8       0x38 build/openmote-cc2538_armgcc/drivers/libdrivers.a(openhdlc.o)
                0x00000000002116d8                crcIteration
 .text          0x0000000000211710      0x3b4 build/openmote-cc2538_armgcc/bsp/boards/libbsp.a(board.o)
                0x0000000000211710                main
                0x0000000000211720                board_init
                0x0000000000211758                board_sleep
                0x0000000000211768                board_timer_init
                0x000000000021178c                board_timer_get
                0x00000000002117b0                board_timer_expired
                0x00000000002117e8                board_reset
 .text          0x0000000000211ac4      0x174 build/openmote-cc2538_armgcc/bsp/boards/libbsp.a(bsp_timer.o)
                0x0000000000211ac4                bsp_timer_init
                0x0000000000211ae8                bsp_timer_set_callback
                0x0000000000211b08                bsp_timer_reset
                0x0000000000211b2c                bsp_timer_scheduleIn
                0x0000000000211bec                bsp_timer_cancel_schedule
                0x0000000000211bf8                bsp_timer_get_currentValue
                0x0000000000211c08                bsp_timer_isr_private
                0x0000000000211c20                bsp_timer_isr
 .text          0x0000000000211c38      0x258 build/openmote-cc2538_armgcc/bsp/boards/libbsp.a(cc2538_crypto_engine.o)
 .text          0x0000000000211e90      0x324 build/openmote-cc2538_armgcc/bsp/boards/libbsp.a(debugpins.o)
                0x0000000000211e90                debugpins_init
                0x0000000000211ed4                debugpins_frame_toggle
                0x0000000000211ee8                debugpins_frame_clr
                0x0000000000211f00                debugpins_frame_set
                0x0000000000211f18                debugpins_slot_toggle
                0x0000000000211f2c                debugpins_slot_clr
                0x0000000000211f44                debugpins_slot_set
                0x0000000000211f5c                debugpins_fsm_toggle
                0x0000000000211f70                debugpins_fsm_clr
                0x0000000000211f88                debugpins_fsm_set
                0x0000000000211fa0                debugpins_task_toggle
                0x0000000000211fb4                debugpins_task_clr
                0x0000000000211fcc                debugpins_task_set
                0x0000000000211fe4                debugpins_isr_toggle
                0x0000000000211ff8                debugpins_isr_clr
                0x0000000000212010                debugpins_isr_set
                0x0000000000212028                debugpins_gpio1_toggle
                0x000000000021203c                debugpins_gpio1_clr
                0x0000000000212054                debugpins_gpio1_set
                0x000000000021206c                debugpins_gpio2_toggle
                0x0000000000212080                debugpins_gpio2_clr
                0x0000000000212098                debugpins_gpio2_set
                0x00000000002120b0                debugpins_gpio3_toggle
                0x00000000002120c4                debugpins_gpio3_clr
                0x00000000002120dc                debugpins_gpio3_set
                0x00000000002120f4                debugpins_gpio4_toggle
                0x0000000000212108                debugpins_gpio4_clr
                0x0000000000212120                debugpins_gpio4_set
                0x0000000000212138                debugpins_radio_toggle
                0x000000000021214c                debugpins_radio_clr
                0x0000000000212164                debugpins_radio_set
                0x000000000021217c                bspDBpinToggle
 .text          0x00000000002121b4       0x5c build/openmote-cc2538_armgcc/bsp/boards/libbsp.a(eui64.o)
                0x00000000002121b4                eui64_get
 .text          0x0000000000212210      0x2bc build/openmote-cc2538_armgcc/bsp/boards/libbsp.a(i2c.o)
                0x0000000000212210                i2c_init
                0x00000000002122bc                i2c_read_byte
                0x0000000000212320                i2c_read_bytes
                0x00000000002123ac                i2c_write_byte
                0x0000000000212410                i2c_write_bytes
 .text          0x00000000002124cc      0x288 build/openmote-cc2538_armgcc/bsp/boards/libbsp.a(leds.o)
                0x00000000002124cc                leds_init
                0x00000000002124f0                leds_error_on
                0x00000000002124fc                leds_error_off
                0x0000000000212508                leds_error_toggle
                0x0000000000212514                leds_error_isOn
                0x0000000000212540                leds_sync_on
                0x000000000021254c                leds_sync_off
                0x0000000000212558                leds_sync_toggle
                0x0000000000212564                leds_sync_isOn
                0x0000000000212590                leds_radio_on
                0x000000000021259c                leds_radio_off
                0x00000000002125a8                leds_radio_toggle
                0x00000000002125b4                leds_radio_isOn
                0x00000000002125dc                leds_debug_on
                0x00000000002125e8                leds_debug_off
                0x00000000002125f4                leds_debug_toggle
                0x0000000000212600                leds_debug_isOn
                0x000000000021262c                leds_all_on
                0x0000000000212638                leds_all_off
                0x0000000000212644                leds_all_toggle
                0x0000000000212650                leds_error_blink
                0x00000000002126b0                leds_circular_shift
                0x00000000002126bc                leds_increment
                0x00000000002126c8                bspLedSet
                0x00000000002126ec                bspLedClear
                0x0000000000212710                bspLedToggle
 .text          0x0000000000212754      0x814 build/openmote-cc2538_armgcc/bsp/boards/libbsp.a(radio.o)
                0x0000000000212754                radio_init
                0x00000000002128f4                radio_setOverflowCb
                0x0000000000212908                radio_setCompareCb
                0x000000000021291c                radio_setStartFrameCb
                0x000000000021293c                radio_setEndFrameCb
                0x000000000021295c                radio_reset
                0x00000000002129c4                radio_startTimer
                0x00000000002129d8                radio_getTimerValue
                0x00000000002129e8                radio_setTimerPeriod
                0x00000000002129fc                radio_getTimerPeriod
                0x0000000000212a0c                radio_setFrequency
                0x0000000000212a60                radio_rfOn
                0x0000000000212a6c                radio_rfOff
                0x0000000000212a9c                radio_loadPacket
                0x0000000000212b30                radio_txEnable
                0x0000000000212b58                radio_txNow
                0x0000000000212bb4                radio_rxEnable
                0x0000000000212bdc                radio_rxNow
                0x0000000000212c20                radio_getReceivedFrame
                0x0000000000212d2c                enable_radio_interrupts
                0x0000000000212d68                disable_radio_interrupts
                0x0000000000212d8c                radio_on
                0x0000000000212da4                radio_off
                0x0000000000212dec                radio_isr
                0x0000000000212dfc                radio_isr_internal
                0x0000000000212f28                radio_error_isr
 .text          0x0000000000212f68      0x4b0 build/openmote-cc2538_armgcc/bsp/boards/libbsp.a(radiotimer.o)
                0x0000000000212f68                radiotimer_init
                0x0000000000212f80                radiotimer_setOverflowCb
                0x0000000000212fa0                radiotimer_setCompareCb
                0x0000000000212fc0                radiotimer_setStartFrameCb
                0x0000000000212fcc                radiotimer_setEndFrameCb
                0x0000000000212fd8                radiotimer_start
                0x00000000002130f0                radiotimer_getValue
                0x0000000000213144                radiotimer_setPeriod
                0x0000000000213194                radiotimer_getPeriod
                0x00000000002131e8                radiotimer_schedule
                0x000000000021325c                radiotimer_cancel
                0x00000000002132c0                radiotimer_getCapturedTime
                0x0000000000213314                get_real_counter
                0x0000000000213358                radiotimer_isr_private
                0x000000000021336c                radiotimer_isr
 .text          0x0000000000213418      0x1c4 build/openmote-cc2538_armgcc/bsp/boards/libbsp.a(sensors.o)
                0x0000000000213418                sensors_init
                0x00000000002134b0                sensors_is_present
                0x00000000002134dc                sensors_getCallbackRead
                0x0000000000213564                sensors_getCallbackConvert
 .text          0x00000000002135dc       0x94 build/openmote-cc2538_armgcc/bsp/boards/libbsp.a(startup_gcc.o)
                0x00000000002135dc                NmiSR
                0x00000000002135e8                FaultISR
                0x00000000002135f0                IntDefaultHandler
                0x00000000002135f8                ResetISR
 .text          0x0000000000213670      0x238 build/openmote-cc2538_armgcc/bsp/boards/libbsp.a(uart.o)
                0x0000000000213670                uart_init
                0x000000000021374c                uart_setCallbacks
                0x0000000000213778                uart_enableInterrupts
                0x000000000021378c                uart_disableInterrupts
                0x00000000002137a0                uart_clearRxInterrupts
                0x00000000002137b4                uart_clearTxInterrupts
                0x00000000002137c8                uart_writeByte
                0x00000000002137e8                uart_readByte
                0x0000000000213858                uart_tx_isr
                0x0000000000213880                uart_rx_isr
 .text          0x00000000002138a8      0x484 build/openmote-cc2538_armgcc/bsp/boards/libbsp.a(aes.o)
                0x00000000002138a8                AESLoadKey
                0x0000000000213ac0                AESECBStart
                0x0000000000213bfc                AESECBCheckResult
                0x0000000000213c58                AESECBGetResult
 .text          0x0000000000213d2c      0x8a0 build/openmote-cc2538_armgcc/bsp/boards/libbsp.a(ccm.o)
                0x0000000000213d2c                CCMAuthEncryptStart
                0x0000000000213fc8                CCMAuthEncryptCheckResult
                0x0000000000214024                CCMAuthEncryptGetResult
                0x0000000000214180                CCMInvAuthDecryptStart
                0x000000000021440c                CCMInvAuthDecryptCheckResult
                0x000000000021441c                CCMInvAuthDecryptGetResult
 .text          0x00000000002145cc      0x230 build/openmote-cc2538_armgcc/bsp/boards/libbsp.a(flash.o)
                0x00000000002145cc                FlashMainPageErase
                0x00000000002145fc                FlashUpperPageErase
                0x0000000000214638                FlashMainPageProgram
                0x000000000021466c                FlashUpperPageProgram
                0x00000000002146b8                FlashGet
                0x00000000002146d0                FlashCacheModeGet
                0x00000000002146ec                FlashCacheModeSet
                0x0000000000214738                FlashSizeGet
                0x00000000002147ac                FlashSramSizeGet
 .text          0x00000000002147fc      0x86c build/openmote-cc2538_armgcc/bsp/boards/libbsp.a(gpio.o)
                0x00000000002147fc                GPIOGetIntNumber
                0x0000000000214870                GPIODirModeSet
                0x00000000002148e8                GPIODirModeGet
                0x0000000000214944                GPIOIntTypeSet
                0x00000000002149ec                GPIOIntTypeGet
                0x0000000000214a64                GPIOPinIntEnable
                0x0000000000214a90                GPIOPinIntDisable
                0x0000000000214abc                GPIOPinIntStatus
                0x0000000000214aec                GPIOPinIntClear
                0x0000000000214b0c                GPIOPortIntRegister
                0x0000000000214b34                GPIOPortIntUnregister
                0x0000000000214b58                GPIOPinRead
                0x0000000000214b7c                GPIOPinWrite
                0x0000000000214ba4                GPIOPinTypeGPIOInput
                0x0000000000214bd0                GPIOPinTypeGPIOOutput
                0x0000000000214bfc                GPIOPinTypeI2C
                0x0000000000214c28                GPIOPinTypeSSI
                0x0000000000214c54                GPIOPinTypeTimer
                0x0000000000214c80                GPIOPinTypeUARTInput
                0x0000000000214cac                GPIOPinTypeUARTOutput
                0x0000000000214cd8                GPIOPowIntTypeSet
                0x0000000000214d78                GPIOPowIntTypeGet
                0x0000000000214e00                GPIOPowIntEnable
                0x0000000000214e80                GPIOPowIntDisable
                0x0000000000214f04                GPIOPowIntStatus
                0x0000000000214f90                GPIOPowIntClear
                0x0000000000215010                GPIOIntWakeupEnable
                0x000000000021503c                GPIOIntWakeupDisable
 .text          0x0000000000215068      0x5a4 build/openmote-cc2538_armgcc/bsp/boards/libbsp.a(gptimer.o)
                0x0000000000215068                TimerEnable
                0x0000000000215094                TimerDisable
                0x00000000002150c4                TimerConfigure
                0x0000000000215114                TimerControlLevel
                0x000000000021515c                TimerControlTrigger
                0x00000000002151a4                TimerControlEvent
                0x00000000002151e0                TimerControlStall
                0x0000000000215228                TimerControlWaitOnTrigger
                0x00000000002152a4                TimerPrescaleSet
                0x00000000002152dc                TimerPrescaleGet
                0x0000000000215308                TimerPrescaleMatchSet
                0x0000000000215340                TimerPrescaleMatchGet
                0x000000000021536c                TimerLoadSet
                0x00000000002153a4                TimerLoadGet
                0x00000000002153d0                TimerValueGet
                0x00000000002153fc                TimerMatchSet
                0x0000000000215434                TimerMatchGet
                0x0000000000215460                TimerIntRegister
                0x00000000002154e0                TimerIntUnregister
                0x000000000021555c                TimerIntEnable
                0x0000000000215580                TimerIntDisable
                0x00000000002155a8                TimerIntStatus
                0x00000000002155d4                TimerIntClear
                0x00000000002155f0                TimerSynchronize
 .text          0x000000000021560c      0x484 build/openmote-cc2538_armgcc/bsp/boards/libbsp.a(i2c_lib.o)
                0x000000000021560c                I2CMasterInitExpClk
                0x000000000021566c                I2CSlaveInit
                0x000000000021568c                I2CMasterEnable
                0x00000000002156ac                I2CSlaveEnable
                0x00000000002156d8                I2CMasterDisable
                0x00000000002156f8                I2CSlaveDisable
                0x0000000000215724                I2CIntRegister
                0x0000000000215740                I2CIntUnregister
                0x0000000000215754                I2CMasterIntEnable
                0x000000000021576c                I2CSlaveIntEnable
                0x0000000000215790                I2CSlaveIntEnableEx
                0x00000000002157bc                I2CMasterIntDisable
                0x00000000002157d4                I2CSlaveIntDisable
                0x00000000002157f8                I2CSlaveIntDisableEx
                0x0000000000215824                I2CMasterIntStatus
                0x0000000000215868                I2CSlaveIntStatus
                0x00000000002158b0                I2CSlaveIntStatusEx
                0x00000000002158e4                I2CMasterIntClear
                0x0000000000215904                I2CSlaveIntClear
                0x000000000021591c                I2CSlaveIntClearEx
                0x000000000021593c                I2CMasterSlaveAddrSet
                0x0000000000215964                I2CMasterBusy
                0x0000000000215988                I2CMasterBusBusy
                0x00000000002159ac                I2CMasterControl
                0x00000000002159c8                I2CMasterErr
                0x0000000000215a08                I2CMasterDataPut
                0x0000000000215a28                I2CMasterDataGet
                0x0000000000215a40                I2CSlaveStatus
                0x0000000000215a58                I2CSlaveDataPut
                0x0000000000215a78                I2CSlaveDataGet
 .text          0x0000000000215a90      0x524 build/openmote-cc2538_armgcc/bsp/boards/libbsp.a(interrupt.o)
                0x0000000000215a98                IntMasterEnable
                0x0000000000215ab0                IntMasterDisable
                0x0000000000215ac8                IntRegister
                0x0000000000215b4c                IntUnregister
                0x0000000000215b74                IntPriorityGroupingSet
                0x0000000000215ba8                IntPriorityGroupingGet
                0x0000000000215bf4                IntPrioritySet
                0x0000000000215c5c                IntPriorityGet
                0x0000000000215c90                IntEnable
                0x0000000000215d4c                IntDisable
                0x0000000000215e08                IntPendSet
                0x0000000000215ea4                IntPendClear
                0x0000000000215f20                IntPriorityMaskSet
                0x0000000000215f34                IntPriorityMaskGet
                0x0000000000215f44                IntAltMapEnable
                0x0000000000215f68                IntAltMapDisable
                0x0000000000215f8c                IntAltMapIsEnabled
 .text          0x0000000000215fb4      0x60c build/openmote-cc2538_armgcc/bsp/boards/libbsp.a(ioc.o)
                0x0000000000215fb4                IOCPinConfigPeriphOutput
                0x0000000000216098                IOCPinConfigPeriphInput
                0x0000000000216254                IOCPadConfigSet
                0x0000000000216338                IOCPadConfigGet
 .text          0x00000000002165c0      0x1e0 build/openmote-cc2538_armgcc/bsp/boards/libbsp.a(sleepmode.o)
                0x00000000002165c0                SleepModeIntRegister
                0x00000000002165dc                SleepModeIntUnregister
                0x00000000002165f0                SleepModeTimerCountGet
                0x0000000000216648                SleepModeCaptureConfig
                0x0000000000216688                SleepModeTimerCompareSet
                0x00000000002166ec                SleepModeCaptureGet
                0x0000000000216744                SleepModeCaptureIsValid
                0x0000000000216770                SleepModeCaptureNew
 .text          0x00000000002167a0      0x738 build/openmote-cc2538_armgcc/bsp/boards/libbsp.a(sys_ctrl.o)
                0x00000000002167a0                SysCtrlClockSet
                0x0000000000216878                SysCtrlClockGet
                0x0000000000216934                SysCtrlIOClockSet
                0x0000000000216970                SysCtrlIOClockGet
                0x0000000000216a2c                SysCtrlDelay
                0x0000000000216a34                SysCtrlReset
                0x0000000000216a48                SysCtrlSleep
                0x0000000000216a54                SysCtrlDeepSleep
                0x0000000000216b5c                SysCtrlPeripheralPresent
                0x0000000000216be0                SysCtrlPeripheralReset
                0x0000000000216c80                SysCtrlPeripheralEnable
                0x0000000000216cd0                SysCtrlPeripheralDisable
                0x0000000000216d20                SysCtrlPeripheralSleepEnable
                0x0000000000216d70                SysCtrlPeripheralSleepDisable
                0x0000000000216dc0                SysCtrlPeripheralDeepSleepEnable
                0x0000000000216e10                SysCtrlPeripheralDeepSleepDisable
                0x0000000000216e60                SysCtrlPowerModeSet
                0x0000000000216e80                SysCtrlPowerModeGet
                0x0000000000216ea8                SysCtrlClockLossDetectEnable
 .text          0x0000000000216ed8      0x6f0 build/openmote-cc2538_armgcc/bsp/boards/libbsp.a(uarthal.o)
                0x0000000000216ed8                UARTParityModeSet
                0x0000000000216f00                UARTParityModeGet
                0x0000000000216f20                UARTFIFOLevelSet
                0x0000000000216f44                UARTFIFOLevelGet
                0x0000000000216f78                UARTConfigSetExpClk
                0x0000000000216ffc                UARTConfigGetExpClk
                0x0000000000217060                UARTEnable
                0x0000000000217098                UARTDisable
                0x00000000002170e0                UARTFIFOEnable
                0x0000000000217104                UARTFIFODisable
                0x0000000000217128                UARTEnableSIR
                0x0000000000217168                UARTDisableSIR
                0x000000000021718c                UARTTxIntModeSet
                0x00000000002171b4                UARTTxIntModeGet
                0x00000000002171d4                UARTCharsAvail
                0x00000000002171fc                UARTSpaceAvail
                0x0000000000217224                UARTCharGetNonBlocking
                0x0000000000217250                UARTCharGet
                0x0000000000217278                UARTCharPutNonBlocking
                0x00000000002172ac                UARTCharPut
                0x00000000002172d8                UARTBreakCtl
                0x0000000000217314                UARTBusy
                0x000000000021733c                UARTIntRegister
                0x0000000000217370                UARTIntUnregister
                0x00000000002173a0                UARTIntEnable
                0x00000000002173c4                UARTIntDisable
                0x00000000002173ec                UARTIntStatus
                0x0000000000217418                UARTIntClear
                0x0000000000217434                UARTDMAEnable
                0x0000000000217458                UARTDMADisable
                0x0000000000217480                UARTRxErrorGet
                0x00000000002174a0                UARTRxErrorClear
                0x00000000002174bc                UARTClockSourceSet
                0x00000000002174dc                UARTClockSourceGet
                0x00000000002174f8                UART9BitEnable
                0x000000000021751c                UART9BitDisable
                0x0000000000217540                UART9BitAddrSet
                0x000000000021756c                UART9BitAddrSend
 .text          0x00000000002175c8      0x184 build/openmote-cc2538_armgcc/bsp/boards/libbsp.a(adxl346.o)
                0x00000000002175c8                adxl346_init
                0x0000000000217610                adxl346_reset
                0x000000000021761c                adxl346_is_present
                0x0000000000217648                adxl346_read_x
                0x000000000021768c                adxl346_read_y
                0x00000000002176d0                adxl346_read_z
                0x0000000000217714                adxl346_convert_acceleration
 .text          0x000000000021774c      0x1d8 build/openmote-cc2538_armgcc/bsp/boards/libbsp.a(max44009.o)
                0x000000000021774c                max44009_init
                0x00000000002177bc                max44009_reset
                0x000000000021782c                max44009_is_present
                0x0000000000217860                max44009_read_light
                0x00000000002178c4                max44009_convert_light
 *fill*         0x0000000000217924        0x4 00000000
 .text          0x0000000000217928      0x258 build/openmote-cc2538_armgcc/bsp/boards/libbsp.a(sht21.o)
                0x0000000000217928                sht21_init
                0x0000000000217974                sht21_reset
                0x0000000000217984                sht21_is_present
                0x00000000002179c8                sht21_read_temperature
                0x0000000000217a00                sht21_convert_temperature
                0x0000000000217a80                sht21_read_humidity
                0x0000000000217ab8                sht21_convert_humidity
 .text          0x0000000000217b80       0x84 build/openmote-cc2538_armgcc/bsp/boards/libbsp.a(aes_cbc.o)
                0x0000000000217b80                aes_cbc_enc_raw
 .text          0x0000000000217c04       0xfc build/openmote-cc2538_armgcc/bsp/boards/libbsp.a(aes_ctr.o)
                0x0000000000217c48                aes_ctr_enc_raw
 .text          0x0000000000217d00       0xf8 build/openmote-cc2538_armgcc/bsp/boards/libbsp.a(adc_sensor.o)
                0x0000000000217d00                adc_sensor_init
                0x0000000000217d34                adc_sens_read_temperature
                0x0000000000217d68                adc_sens_convert_temperature
 .text          0x0000000000217df8      0x10c build/openmote-cc2538_armgcc/bsp/boards/libbsp.a(adc.o)
                0x0000000000217df8                SOCADCIntRegister
                0x0000000000217e14                SOCADCIntUnregister
                0x0000000000217e28                SOCADCSingleConfigure
                0x0000000000217e6c                SOCADCSingleStart
                0x0000000000217ea0                SOCADCDataGet
                0x0000000000217edc                SOCADCEndOfCOnversionGet
 .text          0x0000000000217f04       0x4c build/openmote-cc2538_armgcc/bsp/boards/libbsp.a(cpu.o)
                0x0000000000217f04                CPUcpsid
                0x0000000000217f14                CPUprimask
                0x0000000000217f20                CPUcpsie
                0x0000000000217f30                CPUwfi
                0x0000000000217f34                CPUwfe
                0x0000000000217f38                CPUsev
                0x0000000000217f3c                CPUbasepriSet
                0x0000000000217f44                CPUbasepriGet
 .text          0x0000000000217f50      0x370 /usr/lib/gcc/arm-none-eabi/4.8.2/armv7-m/libgcc.a(_arm_addsubdf3.o)
                0x0000000000217f50                __aeabi_drsub
                0x0000000000217f58                __aeabi_dsub
                0x0000000000217f58                __subdf3
                0x0000000000217f5c                __adddf3
                0x0000000000217f5c                __aeabi_dadd
                0x00000000002181d4                __aeabi_ui2d
                0x00000000002181d4                __floatunsidf
                0x00000000002181f4                __floatsidf
                0x00000000002181f4                __aeabi_i2d
                0x0000000000218218                __extendsfdf2
                0x0000000000218218                __aeabi_f2d
                0x0000000000218254                __aeabi_ul2d
                0x0000000000218254                __floatundidf
                0x0000000000218264                __floatdidf
                0x0000000000218264                __aeabi_l2d
 .text          0x00000000002182c0      0x424 /usr/lib/gcc/arm-none-eabi/4.8.2/armv7-m/libgcc.a(_arm_muldivdf3.o)
                0x00000000002182c0                __aeabi_dmul
                0x00000000002182c0                __muldf3
                0x0000000000218514                __aeabi_ddiv
                0x0000000000218514                __divdf3
 .text          0x00000000002186e4       0xa0 /usr/lib/gcc/arm-none-eabi/4.8.2/armv7-m/libgcc.a(_arm_truncdfsf2.o)
                0x00000000002186e4                __aeabi_d2f
                0x00000000002186e4                __truncdfsf2
 .text          0x0000000000218784      0x21c /usr/lib/gcc/arm-none-eabi/4.8.2/armv7-m/libgcc.a(_arm_addsubsf3.o)
                0x0000000000218784                __aeabi_frsub
                0x000000000021878c                __subsf3
                0x000000000021878c                __aeabi_fsub
                0x0000000000218790                __aeabi_fadd
                0x0000000000218790                __addsf3
                0x00000000002188f0                __aeabi_ui2f
                0x00000000002188f0                __floatunsisf
                0x00000000002188f8                __aeabi_i2f
                0x00000000002188f8                __floatsisf
                0x0000000000218914                __floatundisf
                0x0000000000218914                __aeabi_ul2f
                0x0000000000218924                __floatdisf
                0x0000000000218924                __aeabi_l2f
 .text          0x00000000002189a0      0x2a0 /usr/lib/gcc/arm-none-eabi/4.8.2/armv7-m/libgcc.a(_arm_muldivsf3.o)
                0x00000000002189a0                __mulsf3
                0x00000000002189a0                __aeabi_fmul
                0x0000000000218b08                __divsf3
                0x0000000000218b08                __aeabi_fdiv
 .text          0x0000000000218c40        0x0 /usr/lib/gcc/arm-none-eabi/4.8.2/../../../arm-none-eabi/lib/armv7-m/libg.a(lib_a-memcmp.o)
 .text.memcmp   0x0000000000218c40       0x68 /usr/lib/gcc/arm-none-eabi/4.8.2/../../../arm-none-eabi/lib/armv7-m/libg.a(lib_a-memcmp.o)
                0x0000000000218c40                memcmp
 .text          0x0000000000218ca8       0xec /usr/lib/gcc/arm-none-eabi/4.8.2/../../../arm-none-eabi/lib/armv7-m/libg.a(lib_a-memcpy.o)
                0x0000000000218ca8                memcpy
 .text          0x0000000000218d94        0x0 /usr/lib/gcc/arm-none-eabi/4.8.2/../../../arm-none-eabi/lib/armv7-m/libg.a(lib_a-memset.o)
 .text.memset   0x0000000000218d94       0x94 /usr/lib/gcc/arm-none-eabi/4.8.2/../../../arm-none-eabi/lib/armv7-m/libg.a(lib_a-memset.o)
                0x0000000000218d94                memset
 *(.rodata*)
 .rodata        0x0000000000218e28       0x30 build/openmote-cc2538_armgcc/projects/common/03oos_openwsn/03oos_openwsn.o
 .rodata        0x0000000000218e58       0x50 build/openmote-cc2538_armgcc/openstack/libopenstack.a(openstack.o)
 .rodata        0x0000000000218ea8       0x50 build/openmote-cc2538_armgcc/openstack/libopenstack.a(IEEE802154E.o)
 .rodata        0x0000000000218ef8       0x50 build/openmote-cc2538_armgcc/openstack/libopenstack.a(adaptive_sync.o)
 .rodata        0x0000000000218f48       0x4c build/openmote-cc2538_armgcc/openstack/libopenstack.a(IEEE802154_dummy_security.o)
                0x0000000000218f78                IEEE802154_dummy_security
 .rodata        0x0000000000218f94       0x50 build/openmote-cc2538_armgcc/openstack/libopenstack.a(neighbors.o)
 .rodata        0x0000000000218fe4       0x40 build/openmote-cc2538_armgcc/openstack/libopenstack.a(sf0.o)
 .rodata        0x0000000000219024       0x50 build/openmote-cc2538_armgcc/openstack/libopenstack.a(processIE.o)
 .rodata        0x0000000000219074       0x40 build/openmote-cc2538_armgcc/openstack/libopenstack.a(schedule.o)
 .rodata        0x00000000002190b4       0x50 build/openmote-cc2538_armgcc/openstack/libopenstack.a(sixtop.o)
 .rodata        0x0000000000219104       0x4c build/openmote-cc2538_armgcc/openstack/libopenstack.a(iphc.o)
 .rodata        0x0000000000219150       0x30 build/openmote-cc2538_armgcc/openstack/libopenstack.a(openbridge.o)
 .rodata        0x0000000000219180       0x40 build/openmote-cc2538_armgcc/openstack/libopenstack.a(forwarding.o)
 .rodata        0x00000000002191c0       0x40 build/openmote-cc2538_armgcc/openstack/libopenstack.a(icmpv6.o)
 .rodata        0x0000000000219200       0x30 build/openmote-cc2538_armgcc/openstack/libopenstack.a(icmpv6echo.o)
 .rodata        0x0000000000219230       0x50 build/openmote-cc2538_armgcc/openstack/libopenstack.a(icmpv6rpl.o)
 .rodata        0x0000000000219280       0x30 build/openmote-cc2538_armgcc/openstack/libopenstack.a(opentcp.o)
 .rodata        0x00000000002192b0       0x80 build/openmote-cc2538_armgcc/openstack/libopenstack.a(openudp.o)
 .rodata        0x0000000000219330       0x40 build/openmote-cc2538_armgcc/openstack/libopenstack.a(idmanager.o)
 .rodata        0x0000000000219370       0x40 build/openmote-cc2538_armgcc/openstack/libopenstack.a(openqueue.o)
 .rodata        0x00000000002193b0       0x30 build/openmote-cc2538_armgcc/openstack/libopenstack.a(openrandom.o)
 .rodata        0x00000000002193e0       0x30 build/openmote-cc2538_armgcc/openstack/libopenstack.a(packetfunctions.o)
 .rodata        0x0000000000219410       0x40 build/openmote-cc2538_armgcc/openstack/libopenstack.a(IEEE802154.o)
 .rodata        0x0000000000219450       0x30 build/openmote-cc2538_armgcc/openstack/libopenstack.a(topology.o)
 .rodata        0x0000000000219480       0x80 build/openmote-cc2538_armgcc/openapps/libopenapps.a(openapps_dyn.o)
 .rodata        0x0000000000219500       0x80 build/openmote-cc2538_armgcc/openapps/libopenapps.a(opencoap.o)
 .rodata        0x0000000000219580       0x94 build/openmote-cc2538_armgcc/openapps/libopenapps.a(c6t.o)
                0x0000000000219610                c6t_path0
 .rodata        0x0000000000219614       0x84 build/openmote-cc2538_armgcc/openapps/libopenapps.a(cinfo.o)
                0x0000000000219694                cinfo_path0
 .rodata        0x0000000000219698       0x84 build/openmote-cc2538_armgcc/openapps/libopenapps.a(cleds.o)
                0x0000000000219718                cleds_path0
 .rodata        0x000000000021971c       0x94 build/openmote-cc2538_armgcc/openapps/libopenapps.a(cwellknown.o)
                0x000000000021979c                cwellknown_path0
                0x00000000002197a8                cwellknown_path1
 .rodata        0x00000000002197b0       0x84 build/openmote-cc2538_armgcc/openapps/libopenapps.a(gpio.o)
                0x0000000000219830                gpio_path0
 .rodata        0x0000000000219834       0x94 build/openmote-cc2538_armgcc/openapps/libopenapps.a(rrt.o)
                0x00000000002198c4                rrt_path0
 .rodata        0x00000000002198c8       0x30 build/openmote-cc2538_armgcc/openapps/libopenapps.a(techo.o)
 .rodata        0x00000000002198f8       0x30 build/openmote-cc2538_armgcc/kernel/openos/libkernel.a(scheduler.o)
 .rodata        0x0000000000219928      0x250 build/openmote-cc2538_armgcc/drivers/libdrivers.a(openserial.o)
 .rodata        0x0000000000219b78       0x30 build/openmote-cc2538_armgcc/drivers/libdrivers.a(opentimers.o)
 .rodata        0x0000000000219ba8      0x230 build/openmote-cc2538_armgcc/drivers/libdrivers.a(openhdlc.o)
 .rodata        0x0000000000219dd8       0x30 build/openmote-cc2538_armgcc/bsp/boards/libbsp.a(board.o)
 .rodata        0x0000000000219e08       0x30 build/openmote-cc2538_armgcc/bsp/boards/libbsp.a(bsp_timer.o)
 .rodata        0x0000000000219e38       0x48 build/openmote-cc2538_armgcc/bsp/boards/libbsp.a(cc2538_crypto_engine.o)
                0x0000000000219e68                board_crypto_engine
 .rodata        0x0000000000219e80       0x30 build/openmote-cc2538_armgcc/bsp/boards/libbsp.a(debugpins.o)
 .rodata        0x0000000000219eb0       0x24 build/openmote-cc2538_armgcc/bsp/boards/libbsp.a(leds.o)
 .rodata        0x0000000000219ed4       0x30 build/openmote-cc2538_armgcc/bsp/boards/libbsp.a(radio.o)
 .rodata        0x0000000000219f04       0x30 build/openmote-cc2538_armgcc/bsp/boards/libbsp.a(radiotimer.o)
 .rodata        0x0000000000219f34       0x24 build/openmote-cc2538_armgcc/bsp/boards/libbsp.a(sensors.o)
 .rodata        0x0000000000219f58       0x30 build/openmote-cc2538_armgcc/bsp/boards/libbsp.a(uart.o)
 .rodata        0x0000000000219f88      0x114 build/openmote-cc2538_armgcc/bsp/boards/libbsp.a(interrupt.o)
 .rodata        0x000000000021a09c      0x100 build/openmote-cc2538_armgcc/bsp/boards/libbsp.a(ioc.o)
 .rodata        0x000000000021a19c       0x74 build/openmote-cc2538_armgcc/bsp/boards/libbsp.a(sys_ctrl.o)
 .rodata        0x000000000021a210       0x18 build/openmote-cc2538_armgcc/bsp/boards/libbsp.a(max44009.o)
 .rodata        0x000000000021a228       0x30 build/openmote-cc2538_armgcc/bsp/boards/libbsp.a(aes_cbc.o)
 .rodata        0x000000000021a258       0x30 build/openmote-cc2538_armgcc/bsp/boards/libbsp.a(aes_ctr.o)
 .rodata        0x000000000021a288       0x24 build/openmote-cc2538_armgcc/bsp/boards/libbsp.a(adc_sensor.o)
                0x000000000021a2ac                _etext = .

.glue_7         0x000000000021a2ac        0x0
 .glue_7        0x0000000000000000        0x0 linker stubs

.glue_7t        0x000000000021a2ac        0x0
 .glue_7t       0x0000000000000000        0x0 linker stubs

.vfp11_veneer   0x000000000021a2ac        0x0
 .vfp11_veneer  0x0000000000000000        0x0 linker stubs

.v4_bx          0x000000000021a2ac        0x0
 .v4_bx         0x0000000000000000        0x0 linker stubs

.iplt           0x000000000021a2ac        0x0
 .iplt          0x0000000000000000        0x0 build/openmote-cc2538_armgcc/projects/common/03oos_openwsn/03oos_openwsn.o

.data           0x0000000020004000      0x400 load address 0x000000000021a2ac
                0x0000000020004000                _data = .
 *(vtable)
 vtable         0x0000000020004000      0x400 build/openmote-cc2538_armgcc/bsp/boards/libbsp.a(interrupt.o)
 *(.data*)
 .data          0x0000000020004400        0x0 build/openmote-cc2538_armgcc/projects/common/03oos_openwsn/03oos_openwsn.o
 .data          0x0000000020004400        0x0 build/openmote-cc2538_armgcc/openstack/libopenstack.a(openstack.o)
 .data          0x0000000020004400        0x0 build/openmote-cc2538_armgcc/openstack/libopenstack.a(IEEE802154E.o)
 .data          0x0000000020004400        0x0 build/openmote-cc2538_armgcc/openstack/libopenstack.a(adaptive_sync.o)
 .data          0x0000000020004400        0x0 build/openmote-cc2538_armgcc/openstack/libopenstack.a(IEEE802154_dummy_security.o)
 .data          0x0000000020004400        0x0 build/openmote-cc2538_armgcc/openstack/libopenstack.a(neighbors.o)
 .data          0x0000000020004400        0x0 build/openmote-cc2538_armgcc/openstack/libopenstack.a(sf0.o)
 .data          0x0000000020004400        0x0 build/openmote-cc2538_armgcc/openstack/libopenstack.a(processIE.o)
 .data          0x0000000020004400        0x0 build/openmote-cc2538_armgcc/openstack/libopenstack.a(schedule.o)
 .data          0x0000000020004400        0x0 build/openmote-cc2538_armgcc/openstack/libopenstack.a(sixtop.o)
 .data          0x0000000020004400        0x0 build/openmote-cc2538_armgcc/openstack/libopenstack.a(iphc.o)
 .data          0x0000000020004400        0x0 build/openmote-cc2538_armgcc/openstack/libopenstack.a(openbridge.o)
 .data          0x0000000020004400        0x0 build/openmote-cc2538_armgcc/openstack/libopenstack.a(forwarding.o)
 .data          0x0000000020004400        0x0 build/openmote-cc2538_armgcc/openstack/libopenstack.a(icmpv6.o)
 .data          0x0000000020004400        0x0 build/openmote-cc2538_armgcc/openstack/libopenstack.a(icmpv6echo.o)
 .data          0x0000000020004400        0x0 build/openmote-cc2538_armgcc/openstack/libopenstack.a(icmpv6rpl.o)
 .data          0x0000000020004400        0x0 build/openmote-cc2538_armgcc/openstack/libopenstack.a(opentcp.o)
 .data          0x0000000020004400        0x0 build/openmote-cc2538_armgcc/openstack/libopenstack.a(openudp.o)
 .data          0x0000000020004400        0x0 build/openmote-cc2538_armgcc/openstack/libopenstack.a(idmanager.o)
 .data          0x0000000020004400        0x0 build/openmote-cc2538_armgcc/openstack/libopenstack.a(openqueue.o)
 .data          0x0000000020004400        0x0 build/openmote-cc2538_armgcc/openstack/libopenstack.a(openrandom.o)
 .data          0x0000000020004400        0x0 build/openmote-cc2538_armgcc/openstack/libopenstack.a(packetfunctions.o)
 .data          0x0000000020004400        0x0 build/openmote-cc2538_armgcc/openstack/libopenstack.a(IEEE802154.o)
 .data          0x0000000020004400        0x0 build/openmote-cc2538_armgcc/openstack/libopenstack.a(topology.o)
 .data          0x0000000020004400        0x0 build/openmote-cc2538_armgcc/openapps/libopenapps.a(openapps_dyn.o)
 .data          0x0000000020004400        0x0 build/openmote-cc2538_armgcc/openapps/libopenapps.a(opencoap.o)
 .data          0x0000000020004400        0x0 build/openmote-cc2538_armgcc/openapps/libopenapps.a(c6t.o)
 .data          0x0000000020004400        0x0 build/openmote-cc2538_armgcc/openapps/libopenapps.a(cinfo.o)
 .data          0x0000000020004400        0x0 build/openmote-cc2538_armgcc/openapps/libopenapps.a(cleds.o)
 .data          0x0000000020004400        0x0 build/openmote-cc2538_armgcc/openapps/libopenapps.a(cwellknown.o)
 .data          0x0000000020004400        0x0 build/openmote-cc2538_armgcc/openapps/libopenapps.a(gpio.o)
 .data          0x0000000020004400        0x0 build/openmote-cc2538_armgcc/openapps/libopenapps.a(rrt.o)
 .data          0x0000000020004400        0x0 build/openmote-cc2538_armgcc/openapps/libopenapps.a(techo.o)
 .data          0x0000000020004400        0x0 build/openmote-cc2538_armgcc/kernel/openos/libkernel.a(scheduler.o)
 .data          0x0000000020004400        0x0 build/openmote-cc2538_armgcc/drivers/libdrivers.a(openserial.o)
 .data          0x0000000020004400        0x0 build/openmote-cc2538_armgcc/drivers/libdrivers.a(opentimers.o)
 .data          0x0000000020004400        0x0 build/openmote-cc2538_armgcc/drivers/libdrivers.a(openhdlc.o)
 .data          0x0000000020004400        0x0 build/openmote-cc2538_armgcc/bsp/boards/libbsp.a(board.o)
 .data          0x0000000020004400        0x0 build/openmote-cc2538_armgcc/bsp/boards/libbsp.a(bsp_timer.o)
 .data          0x0000000020004400        0x0 build/openmote-cc2538_armgcc/bsp/boards/libbsp.a(cc2538_crypto_engine.o)
 .data          0x0000000020004400        0x0 build/openmote-cc2538_armgcc/bsp/boards/libbsp.a(debugpins.o)
 .data          0x0000000020004400        0x0 build/openmote-cc2538_armgcc/bsp/boards/libbsp.a(eui64.o)
 .data          0x0000000020004400        0x0 build/openmote-cc2538_armgcc/bsp/boards/libbsp.a(i2c.o)
 .data          0x0000000020004400        0x0 build/openmote-cc2538_armgcc/bsp/boards/libbsp.a(leds.o)
 .data          0x0000000020004400        0x0 build/openmote-cc2538_armgcc/bsp/boards/libbsp.a(radio.o)
 .data          0x0000000020004400        0x0 build/openmote-cc2538_armgcc/bsp/boards/libbsp.a(radiotimer.o)
 .data          0x0000000020004400        0x0 build/openmote-cc2538_armgcc/bsp/boards/libbsp.a(sensors.o)
 .data          0x0000000020004400        0x0 build/openmote-cc2538_armgcc/bsp/boards/libbsp.a(startup_gcc.o)
 .data          0x0000000020004400        0x0 build/openmote-cc2538_armgcc/bsp/boards/libbsp.a(uart.o)
 .data          0x0000000020004400        0x0 build/openmote-cc2538_armgcc/bsp/boards/libbsp.a(aes.o)
 .data          0x0000000020004400        0x0 build/openmote-cc2538_armgcc/bsp/boards/libbsp.a(ccm.o)
 .data          0x0000000020004400        0x0 build/openmote-cc2538_armgcc/bsp/boards/libbsp.a(flash.o)
 .data          0x0000000020004400        0x0 build/openmote-cc2538_armgcc/bsp/boards/libbsp.a(gpio.o)
 .data          0x0000000020004400        0x0 build/openmote-cc2538_armgcc/bsp/boards/libbsp.a(gptimer.o)
 .data          0x0000000020004400        0x0 build/openmote-cc2538_armgcc/bsp/boards/libbsp.a(i2c_lib.o)
 .data          0x0000000020004400        0x0 build/openmote-cc2538_armgcc/bsp/boards/libbsp.a(interrupt.o)
 .data          0x0000000020004400        0x0 build/openmote-cc2538_armgcc/bsp/boards/libbsp.a(ioc.o)
 .data          0x0000000020004400        0x0 build/openmote-cc2538_armgcc/bsp/boards/libbsp.a(sleepmode.o)
 .data          0x0000000020004400        0x0 build/openmote-cc2538_armgcc/bsp/boards/libbsp.a(sys_ctrl.o)
 .data          0x0000000020004400        0x0 build/openmote-cc2538_armgcc/bsp/boards/libbsp.a(uarthal.o)
 .data          0x0000000020004400        0x0 build/openmote-cc2538_armgcc/bsp/boards/libbsp.a(adxl346.o)
 .data          0x0000000020004400        0x0 build/openmote-cc2538_armgcc/bsp/boards/libbsp.a(max44009.o)
 .data          0x0000000020004400        0x0 build/openmote-cc2538_armgcc/bsp/boards/libbsp.a(sht21.o)
 .data          0x0000000020004400        0x0 build/openmote-cc2538_armgcc/bsp/boards/libbsp.a(aes_cbc.o)
 .data          0x0000000020004400        0x0 build/openmote-cc2538_armgcc/bsp/boards/libbsp.a(aes_ctr.o)
 .data          0x0000000020004400        0x0 build/openmote-cc2538_armgcc/bsp/boards/libbsp.a(adc_sensor.o)
 .data          0x0000000020004400        0x0 build/openmote-cc2538_armgcc/bsp/boards/libbsp.a(adc.o)
 .data          0x0000000020004400        0x0 build/openmote-cc2538_armgcc/bsp/boards/libbsp.a(cpu.o)
 .data          0x0000000020004400        0x0 /usr/lib/gcc/arm-none-eabi/4.8.2/armv7-m/libgcc.a(_arm_addsubdf3.o)
 .data          0x0000000020004400        0x0 /usr/lib/gcc/arm-none-eabi/4.8.2/armv7-m/libgcc.a(_arm_muldivdf3.o)
 .data          0x0000000020004400        0x0 /usr/lib/gcc/arm-none-eabi/4.8.2/armv7-m/libgcc.a(_arm_truncdfsf2.o)
 .data          0x0000000020004400        0x0 /usr/lib/gcc/arm-none-eabi/4.8.2/armv7-m/libgcc.a(_arm_addsubsf3.o)
 .data          0x0000000020004400        0x0 /usr/lib/gcc/arm-none-eabi/4.8.2/armv7-m/libgcc.a(_arm_muldivsf3.o)
 .data          0x0000000020004400        0x0 /usr/lib/gcc/arm-none-eabi/4.8.2/../../../arm-none-eabi/lib/armv7-m/libg.a(lib_a-memcmp.o)
 .data          0x0000000020004400        0x0 /usr/lib/gcc/arm-none-eabi/4.8.2/../../../arm-none-eabi/lib/armv7-m/libg.a(lib_a-memcpy.o)
 .data          0x0000000020004400        0x0 /usr/lib/gcc/arm-none-eabi/4.8.2/../../../arm-none-eabi/lib/armv7-m/libg.a(lib_a-memset.o)
                0x0000000020004400                _edata = .

.igot.plt       0x0000000020004400        0x0 load address 0x000000000021a6ac
 .igot.plt      0x0000000000000000        0x0 build/openmote-cc2538_armgcc/projects/common/03oos_openwsn/03oos_openwsn.o

.ARM.exidx
 *(.ARM.exidx*)

.bss            0x0000000020004400     0x1d04 load address 0x000000000021a6ac
                0x0000000020004400                _bss = .
 *(.bss*)
 .bss           0x0000000020004400        0x0 build/openmote-cc2538_armgcc/projects/common/03oos_openwsn/03oos_openwsn.o
 .bss           0x0000000020004400        0x0 build/openmote-cc2538_armgcc/openstack/libopenstack.a(openstack.o)
 .bss           0x0000000020004400        0x0 build/openmote-cc2538_armgcc/openstack/libopenstack.a(IEEE802154E.o)
 .bss           0x0000000020004400        0x0 build/openmote-cc2538_armgcc/openstack/libopenstack.a(adaptive_sync.o)
 .bss           0x0000000020004400        0x0 build/openmote-cc2538_armgcc/openstack/libopenstack.a(IEEE802154_dummy_security.o)
 .bss           0x0000000020004400      0x164 build/openmote-cc2538_armgcc/openstack/libopenstack.a(neighbors.o)
 .bss           0x0000000020004564        0x0 build/openmote-cc2538_armgcc/openstack/libopenstack.a(sf0.o)
 .bss           0x0000000020004564        0x0 build/openmote-cc2538_armgcc/openstack/libopenstack.a(processIE.o)
 .bss           0x0000000020004564        0x0 build/openmote-cc2538_armgcc/openstack/libopenstack.a(schedule.o)
 .bss           0x0000000020004564        0x0 build/openmote-cc2538_armgcc/openstack/libopenstack.a(sixtop.o)
 .bss           0x0000000020004564        0x0 build/openmote-cc2538_armgcc/openstack/libopenstack.a(iphc.o)
 .bss           0x0000000020004564        0x0 build/openmote-cc2538_armgcc/openstack/libopenstack.a(openbridge.o)
 .bss           0x0000000020004564        0x0 build/openmote-cc2538_armgcc/openstack/libopenstack.a(forwarding.o)
 .bss           0x0000000020004564        0x0 build/openmote-cc2538_armgcc/openstack/libopenstack.a(icmpv6.o)
 .bss           0x0000000020004564        0x0 build/openmote-cc2538_armgcc/openstack/libopenstack.a(icmpv6echo.o)
 .bss           0x0000000020004564        0x0 build/openmote-cc2538_armgcc/openstack/libopenstack.a(icmpv6rpl.o)
 .bss           0x0000000020004564        0x0 build/openmote-cc2538_armgcc/openstack/libopenstack.a(opentcp.o)
 .bss           0x0000000020004564        0x0 build/openmote-cc2538_armgcc/openstack/libopenstack.a(openudp.o)
 .bss           0x0000000020004564        0x0 build/openmote-cc2538_armgcc/openstack/libopenstack.a(idmanager.o)
 .bss           0x0000000020004564        0x0 build/openmote-cc2538_armgcc/openstack/libopenstack.a(openqueue.o)
 .bss           0x0000000020004564        0x0 build/openmote-cc2538_armgcc/openstack/libopenstack.a(openrandom.o)
 .bss           0x0000000020004564        0x0 build/openmote-cc2538_armgcc/openstack/libopenstack.a(packetfunctions.o)
 .bss           0x0000000020004564        0x0 build/openmote-cc2538_armgcc/openstack/libopenstack.a(IEEE802154.o)
 .bss           0x0000000020004564        0x0 build/openmote-cc2538_armgcc/openstack/libopenstack.a(topology.o)
 .bss           0x0000000020004564        0x0 build/openmote-cc2538_armgcc/openapps/libopenapps.a(openapps_dyn.o)
 .bss           0x0000000020004564        0x0 build/openmote-cc2538_armgcc/openapps/libopenapps.a(opencoap.o)
 .bss           0x0000000020004564        0x0 build/openmote-cc2538_armgcc/openapps/libopenapps.a(c6t.o)
 .bss           0x0000000020004564        0x0 build/openmote-cc2538_armgcc/openapps/libopenapps.a(cinfo.o)
 .bss           0x0000000020004564        0x0 build/openmote-cc2538_armgcc/openapps/libopenapps.a(cleds.o)
 .bss           0x0000000020004564        0x0 build/openmote-cc2538_armgcc/openapps/libopenapps.a(cwellknown.o)
 .bss           0x0000000020004564        0x0 build/openmote-cc2538_armgcc/openapps/libopenapps.a(gpio.o)
 .bss           0x0000000020004564        0x0 build/openmote-cc2538_armgcc/openapps/libopenapps.a(rrt.o)
 .bss           0x0000000020004564        0x0 build/openmote-cc2538_armgcc/openapps/libopenapps.a(techo.o)
 .bss           0x0000000020004564        0x0 build/openmote-cc2538_armgcc/kernel/openos/libkernel.a(scheduler.o)
 .bss           0x0000000020004564        0x0 build/openmote-cc2538_armgcc/drivers/libdrivers.a(openserial.o)
 .bss           0x0000000020004564        0x0 build/openmote-cc2538_armgcc/drivers/libdrivers.a(opentimers.o)
 .bss           0x0000000020004564        0x0 build/openmote-cc2538_armgcc/drivers/libdrivers.a(openhdlc.o)
 .bss           0x0000000020004564        0x0 build/openmote-cc2538_armgcc/bsp/boards/libbsp.a(board.o)
 .bss           0x0000000020004564        0x0 build/openmote-cc2538_armgcc/bsp/boards/libbsp.a(bsp_timer.o)
 .bss           0x0000000020004564       0x10 build/openmote-cc2538_armgcc/bsp/boards/libbsp.a(cc2538_crypto_engine.o)
 .bss           0x0000000020004574        0x0 build/openmote-cc2538_armgcc/bsp/boards/libbsp.a(debugpins.o)
 .bss           0x0000000020004574        0x0 build/openmote-cc2538_armgcc/bsp/boards/libbsp.a(eui64.o)
 .bss           0x0000000020004574        0x0 build/openmote-cc2538_armgcc/bsp/boards/libbsp.a(i2c.o)
 .bss           0x0000000020004574        0x0 build/openmote-cc2538_armgcc/bsp/boards/libbsp.a(leds.o)
 .bss           0x0000000020004574        0x0 build/openmote-cc2538_armgcc/bsp/boards/libbsp.a(radio.o)
 .bss           0x0000000020004574        0x0 build/openmote-cc2538_armgcc/bsp/boards/libbsp.a(radiotimer.o)
 .bss           0x0000000020004574        0x0 build/openmote-cc2538_armgcc/bsp/boards/libbsp.a(sensors.o)
 .bss           0x0000000020004574      0x800 build/openmote-cc2538_armgcc/bsp/boards/libbsp.a(startup_gcc.o)
 .bss           0x0000000020004d74        0x0 build/openmote-cc2538_armgcc/bsp/boards/libbsp.a(uart.o)
 .bss           0x0000000020004d74       0x14 build/openmote-cc2538_armgcc/bsp/boards/libbsp.a(aes.o)
                0x0000000020004d74                g_ui8CurrentAESOp
 .bss           0x0000000020004d88        0x0 build/openmote-cc2538_armgcc/bsp/boards/libbsp.a(ccm.o)
 .bss           0x0000000020004d88        0x0 build/openmote-cc2538_armgcc/bsp/boards/libbsp.a(flash.o)
 .bss           0x0000000020004d88        0x0 build/openmote-cc2538_armgcc/bsp/boards/libbsp.a(gpio.o)
 .bss           0x0000000020004d88        0x0 build/openmote-cc2538_armgcc/bsp/boards/libbsp.a(gptimer.o)
 .bss           0x0000000020004d88        0x0 build/openmote-cc2538_armgcc/bsp/boards/libbsp.a(i2c_lib.o)
 .bss           0x0000000020004d88        0x0 build/openmote-cc2538_armgcc/bsp/boards/libbsp.a(interrupt.o)
 .bss           0x0000000020004d88        0x0 build/openmote-cc2538_armgcc/bsp/boards/libbsp.a(ioc.o)
 .bss           0x0000000020004d88        0x0 build/openmote-cc2538_armgcc/bsp/boards/libbsp.a(sleepmode.o)
 .bss           0x0000000020004d88        0x0 build/openmote-cc2538_armgcc/bsp/boards/libbsp.a(sys_ctrl.o)
 .bss           0x0000000020004d88        0x0 build/openmote-cc2538_armgcc/bsp/boards/libbsp.a(uarthal.o)
 .bss           0x0000000020004d88        0x0 build/openmote-cc2538_armgcc/bsp/boards/libbsp.a(adxl346.o)
 .bss           0x0000000020004d88        0x0 build/openmote-cc2538_armgcc/bsp/boards/libbsp.a(max44009.o)
 .bss           0x0000000020004d88        0x1 build/openmote-cc2538_armgcc/bsp/boards/libbsp.a(sht21.o)
 .bss           0x0000000020004d89        0x0 build/openmote-cc2538_armgcc/bsp/boards/libbsp.a(aes_cbc.o)
 .bss           0x0000000020004d89        0x0 build/openmote-cc2538_armgcc/bsp/boards/libbsp.a(aes_ctr.o)
 .bss           0x0000000020004d89        0x0 build/openmote-cc2538_armgcc/bsp/boards/libbsp.a(adc_sensor.o)
 .bss           0x0000000020004d89        0x0 build/openmote-cc2538_armgcc/bsp/boards/libbsp.a(adc.o)
 .bss           0x0000000020004d89        0x0 build/openmote-cc2538_armgcc/bsp/boards/libbsp.a(cpu.o)
 .bss           0x0000000020004d89        0x0 /usr/lib/gcc/arm-none-eabi/4.8.2/armv7-m/libgcc.a(_arm_addsubdf3.o)
 .bss           0x0000000020004d89        0x0 /usr/lib/gcc/arm-none-eabi/4.8.2/armv7-m/libgcc.a(_arm_muldivdf3.o)
 .bss           0x0000000020004d89        0x0 /usr/lib/gcc/arm-none-eabi/4.8.2/armv7-m/libgcc.a(_arm_truncdfsf2.o)
 .bss           0x0000000020004d89        0x0 /usr/lib/gcc/arm-none-eabi/4.8.2/armv7-m/libgcc.a(_arm_addsubsf3.o)
 .bss           0x0000000020004d89        0x0 /usr/lib/gcc/arm-none-eabi/4.8.2/armv7-m/libgcc.a(_arm_muldivsf3.o)
 .bss           0x0000000020004d89        0x0 /usr/lib/gcc/arm-none-eabi/4.8.2/../../../arm-none-eabi/lib/armv7-m/libg.a(lib_a-memcmp.o)
 .bss           0x0000000020004d89        0x0 /usr/lib/gcc/arm-none-eabi/4.8.2/../../../arm-none-eabi/lib/armv7-m/libg.a(lib_a-memcpy.o)
 .bss           0x0000000020004d89        0x0 /usr/lib/gcc/arm-none-eabi/4.8.2/../../../arm-none-eabi/lib/armv7-m/libg.a(lib_a-memset.o)
 *(COMMON)
 *fill*         0x0000000020004d89        0x3 
 COMMON         0x0000000020004d8c      0x18c build/openmote-cc2538_armgcc/openstack/libopenstack.a(IEEE802154E.o)
                0x0000000020004d8c                ieee154e_vars
                0x0000000020004ef8                ieee154e_stats
                0x0000000020004f08                ieee154e_dbg
 COMMON         0x0000000020004f18       0x2c build/openmote-cc2538_armgcc/openstack/libopenstack.a(adaptive_sync.o)
                0x0000000020004f18                adaptive_sync_vars
 COMMON         0x0000000020004f44        0x2 build/openmote-cc2538_armgcc/openstack/libopenstack.a(sf0.o)
                0x0000000020004f44                sf0_vars
 *fill*         0x0000000020004f46        0x2 
 COMMON         0x0000000020004f48      0x154 build/openmote-cc2538_armgcc/openstack/libopenstack.a(schedule.o)
                0x0000000020004f48                schedule_vars
 COMMON         0x000000002000509c       0x12 build/openmote-cc2538_armgcc/openstack/libopenstack.a(sixtop.o)
                0x000000002000509c                sixtop_vars
 *fill*         0x00000000200050ae        0x2 
 COMMON         0x00000000200050b0       0x16 build/openmote-cc2538_armgcc/openstack/libopenstack.a(icmpv6echo.o)
                0x00000000200050b0                icmpv6echo_vars
 *fill*         0x00000000200050c6        0x2 
 COMMON         0x00000000200050c8       0x64 build/openmote-cc2538_armgcc/openstack/libopenstack.a(icmpv6rpl.o)
                0x00000000200050c8                icmpv6rpl_vars
 COMMON         0x000000002000512c       0x30 build/openmote-cc2538_armgcc/openstack/libopenstack.a(opentcp.o)
                0x000000002000512c                tcp_vars
 COMMON         0x000000002000515c        0x4 build/openmote-cc2538_armgcc/openstack/libopenstack.a(openudp.o)
                0x000000002000515c                openudp_vars
 COMMON         0x0000000020005160       0x46 build/openmote-cc2538_armgcc/openstack/libopenstack.a(idmanager.o)
                0x0000000020005160                idmanager_vars
 *fill*         0x00000000200051a6        0x2 
 COMMON         0x00000000200051a8      0xaa0 build/openmote-cc2538_armgcc/openstack/libopenstack.a(openqueue.o)
                0x00000000200051a8                openqueue_vars
 COMMON         0x0000000020005c48        0x2 build/openmote-cc2538_armgcc/openstack/libopenstack.a(openrandom.o)
                0x0000000020005c48                random_vars
 *fill*         0x0000000020005c4a        0x2 
 COMMON         0x0000000020005c4c       0x18 build/openmote-cc2538_armgcc/openapps/libopenapps.a(opencoap.o)
                0x0000000020005c4c                opencoap_vars
 COMMON         0x0000000020005c64       0x30 build/openmote-cc2538_armgcc/openapps/libopenapps.a(c6t.o)
                0x0000000020005c64                c6t_vars
 COMMON         0x0000000020005c94       0x30 build/openmote-cc2538_armgcc/openapps/libopenapps.a(cinfo.o)
                0x0000000020005c94                cinfo_vars
 COMMON         0x0000000020005cc4       0x30 build/openmote-cc2538_armgcc/openapps/libopenapps.a(cleds.o)
                0x0000000020005cc4                cleds_vars
 COMMON         0x0000000020005cf4       0x30 build/openmote-cc2538_armgcc/openapps/libopenapps.a(cwellknown.o)
                0x0000000020005cf4                cwellknown_vars
 COMMON         0x0000000020005d24       0x30 build/openmote-cc2538_armgcc/openapps/libopenapps.a(gpio.o)
                0x0000000020005d24                gpio_vars
 COMMON         0x0000000020005d54       0x34 build/openmote-cc2538_armgcc/openapps/libopenapps.a(rrt.o)
                0x0000000020005d54                rrt_vars
 COMMON         0x0000000020005d88       0x82 build/openmote-cc2538_armgcc/kernel/openos/libkernel.a(scheduler.o)
                0x0000000020005d88                scheduler_vars
                0x0000000020005e08                scheduler_dbg
 *fill*         0x0000000020005e0a        0x2 
 COMMON         0x0000000020005e0c      0x1e4 build/openmote-cc2538_armgcc/drivers/libdrivers.a(openserial.o)
                0x0000000020005e0c                openserial_vars
 COMMON         0x0000000020005ff0       0xd0 build/openmote-cc2538_armgcc/drivers/libdrivers.a(opentimers.o)
                0x0000000020005ff0                opentimers_vars
 COMMON         0x00000000200060c0       0x14 build/openmote-cc2538_armgcc/bsp/boards/libbsp.a(bsp_timer.o)
                0x00000000200060c0                bsp_timer_vars
 COMMON         0x00000000200060d4        0x6 build/openmote-cc2538_armgcc/bsp/boards/libbsp.a(debugpins.o)
                0x00000000200060d4                PA3_vars
 *fill*         0x00000000200060da        0x2 
 COMMON         0x00000000200060dc        0xc build/openmote-cc2538_armgcc/bsp/boards/libbsp.a(radio.o)
                0x00000000200060dc                radio_vars
 COMMON         0x00000000200060e8        0x8 build/openmote-cc2538_armgcc/bsp/boards/libbsp.a(radiotimer.o)
                0x00000000200060e8                radiotimer_vars
 COMMON         0x00000000200060f0        0x9 build/openmote-cc2538_armgcc/bsp/boards/libbsp.a(sensors.o)
                0x00000000200060f0                sensors_vars
 *fill*         0x00000000200060f9        0x3 
 COMMON         0x00000000200060fc        0x8 build/openmote-cc2538_armgcc/bsp/boards/libbsp.a(uart.o)
                0x00000000200060fc                uart_vars
                0x0000000020006104                _ebss = .

.flashcca       0x000000000023ffd4        0xc
 *(.flashcca)
 .flashcca      0x000000000023ffd4        0xc build/openmote-cc2538_armgcc/bsp/boards/libbsp.a(startup_gcc.o)
                0x000000000023ffd4                __cca
OUTPUT(build/openmote-cc2538_armgcc/projects/common/03oos_openwsn_prog elf32-littlearm)

.rel.dyn        0x000000000023ffe0        0x0
 .rel.iplt      0x0000000000000000        0x0 build/openmote-cc2538_armgcc/projects/common/03oos_openwsn/03oos_openwsn.o

.debug_info     0x0000000000000000    0x1ea78
 .debug_info    0x0000000000000000      0x27a build/openmote-cc2538_armgcc/projects/common/03oos_openwsn/03oos_openwsn.o
 .debug_info    0x000000000000027a      0x969 build/openmote-cc2538_armgcc/openstack/libopenstack.a(openstack.o)
 .debug_info    0x0000000000000be3     0x1917 build/openmote-cc2538_armgcc/openstack/libopenstack.a(IEEE802154E.o)